== CIP-002-5.1a ==
  CIP-002-5.1a Attachment 1 Part 1.1 wall= 27.23 s prefill=   9.45 s determined=0 corroborated=0 rejected=0
  CIP-002-5.1a Attachment 1 Part 1.2 wall=  6.38 s prefill=  1.791 s determined=0 corroborated=0 rejected=0
  CIP-002-5.1a Attachment 1 Part 1.3 wall=  7.12 s prefill=  1.809 s determined=0 corroborated=0 rejected=0
  CIP-002-5.1a Attachment 1 Part 1.4 wall=  6.67 s prefill=  1.828 s determined=0 corroborated=0 rejected=0
  CIP-002-5.1a Attachment 1 Part 2.1 wall=  6.47 s prefill=  2.016 s determined=0 corroborated=0 rejected=0
  CIP-002-5.1a Attachment 1 Part 2.2 wall=  6.69 s prefill=  2.058 s determined=0 corroborated=0 rejected=0
  CIP-002-5.1a Attachment 1 Part 2.3 wall=  6.36 s prefill=  2.023 s determined=0 corroborated=0 rejected=0
  CIP-002-5.1a Attachment 1 Part 2.4 wall=  6.56 s prefill=   2.04 s determined=0 corroborated=0 rejected=0
  CIP-002-5.1a Attachment 1 Part 2.5 wall=  7.71 s prefill=  2.218 s determined=0 corroborated=0 rejected=0
  CIP-002-5.1a Attachment 1 Part 2.6 wall=  6.83 s prefill=  2.033 s determined=0 corroborated=0 rejected=0
  CIP-002-5.1a Attachment 1 Part 2.7 wall=  5.87 s prefill=  1.942 s determined=0 corroborated=0 rejected=0
  CIP-002-5.1a Attachment 1 Part 2.8 wall=  5.62 s prefill=  2.033 s determined=0 corroborated=0 rejected=0
  CIP-002-5.1a Attachment 1 Part 2.9 wall=  5.11 s prefill=  1.679 s determined=0 corroborated=0 rejected=0
  CIP-002-5.1a Attachment 1 Part 2.10 wall=  8.13 s prefill=  2.037 s determined=0 corroborated=0 rejected=0
  CIP-002-5.1a Attachment 1 Part 2.11 wall=  5.84 s prefill=  2.311 s determined=0 corroborated=0 rejected=0
  CIP-002-5.1a Attachment 1 Part 2.12 wall=  7.14 s prefill=  2.166 s determined=0 corroborated=0 rejected=0
  CIP-002-5.1a Attachment 1 Part 2.13 wall=  8.02 s prefill=  2.211 s determined=0 corroborated=0 rejected=0
  CIP-002-5.1a Attachment 1 Part 3.1 wall=  7.53 s prefill=  2.091 s determined=0 corroborated=0 rejected=0
  CIP-002-5.1a Attachment 1 Part 3.2 wall=  5.82 s prefill=  2.071 s determined=0 corroborated=0 rejected=0
  CIP-002-5.1a Attachment 1 Part 3.3 wall=  5.73 s prefill=   1.84 s determined=0 corroborated=0 rejected=0
  CIP-002-5.1a Attachment 1 Part 3.4 wall=  6.79 s prefill=   2.07 s determined=0 corroborated=0 rejected=0
  CIP-002-5.1a Attachment 1 Part 3.5 wall=  6.35 s prefill=  2.072 s determined=0 corroborated=0 rejected=0
  CIP-002-5.1a Attachment 1 Part 3.6 wall=   6.9 s prefill=  2.033 s determined=0 corroborated=0 rejected=0
  CIP-002-5.1a Attachment 1 Section 1 wall=  8.76 s prefill=  3.946 s determined=0 corroborated=0 rejected=0
  CIP-002-5.1a Attachment 1 Section 2 wall= 10.06 s prefill=  2.221 s determined=0 corroborated=0 rejected=0
  CIP-002-5.1a Attachment 1 Section 3 wall=   6.1 s prefill=  1.775 s determined=0 corroborated=0 rejected=0
  CIP-002-5.1a R1              wall= 74.98 s prefill= 49.937 s determined=0 corroborated=0 rejected=1
  CIP-002-5.1a R1 Part 1.1     wall= 47.11 s prefill= 31.661 s determined=0 corroborated=0 rejected=1
  CIP-002-5.1a R1 Part 1.2     wall=123.81 s prefill= 31.575 s determined=0 corroborated=0 rejected=0
  CIP-002-5.1a R1 Part 1.3     wall=119.74 s prefill= 32.646 s determined=0 corroborated=0 rejected=0
  CIP-002-5.1a R2              wall= 20.74 s prefill=  9.648 s determined=0 corroborated=0 rejected=0
  CIP-002-5.1a R2 Part 2.1     wall= 21.32 s prefill=  9.373 s determined=0 corroborated=0 rejected=1
  CIP-002-5.1a R2 Part 2.2     wall= 25.66 s prefill=  9.177 s determined=0 corroborated=0 rejected=2
  33 requirements, 631.4 s, determined 0, corroborated 0, cache collapse x1.3
== CIP-003-8 ==
  CIP-003-8 Attachment 1 Part 1 wall= 17.91 s prefill=  8.235 s determined=0 corroborated=0 rejected=1
  CIP-003-8 Attachment 1 Part 2 wall=  6.72 s prefill=  2.305 s determined=0 corroborated=0 rejected=0
  CIP-003-8 Attachment 1 Part 3 wall= 10.85 s prefill=  2.244 s determined=0 corroborated=0 rejected=0
  CIP-003-8 Attachment 1 Part 3.1 wall= 10.31 s prefill=  2.029 s determined=0 corroborated=0 rejected=1
  CIP-003-8 Attachment 1 Part 3.2 wall= 10.75 s prefill=  2.229 s determined=0 corroborated=0 rejected=0
  CIP-003-8 Attachment 1 Part 4 wall= 11.33 s prefill=  2.232 s determined=0 corroborated=0 rejected=0
  CIP-003-8 Attachment 1 Part 4.1 wall= 15.75 s prefill=  2.208 s determined=0 corroborated=0 rejected=2
  CIP-003-8 Attachment 1 Part 4.2 wall=  8.87 s prefill=  2.402 s determined=0 corroborated=0 rejected=0
  CIP-003-8 Attachment 1 Part 4.3 wall=  6.59 s prefill=  2.216 s determined=0 corroborated=0 rejected=0
  CIP-003-8 Attachment 1 Part 4.4 wall= 10.66 s prefill=  2.219 s determined=0 corroborated=0 rejected=0
  CIP-003-8 Attachment 1 Part 4.5 wall=  8.74 s prefill=  2.307 s determined=0 corroborated=0 rejected=0
  CIP-003-8 Attachment 1 Part 4.6 wall= 13.08 s prefill=  2.258 s determined=0 corroborated=0 rejected=0
  CIP-003-8 Attachment 1 Part 5 wall= 11.42 s prefill=  2.304 s determined=0 corroborated=0 rejected=0
  CIP-003-8 Attachment 1 Part 5.1 wall=  8.37 s prefill=  2.791 s determined=0 corroborated=0 rejected=0
  CIP-003-8 Attachment 1 Part 5.2 wall=  10.5 s prefill=  2.249 s determined=0 corroborated=0 rejected=0
  CIP-003-8 Attachment 1 Part 5.2.1 wall= 16.74 s prefill=  3.486 s determined=0 corroborated=0 rejected=0
  CIP-003-8 Attachment 1 Part 5.2.2 wall= 10.77 s prefill=   2.26 s determined=0 corroborated=0 rejected=0
  CIP-003-8 Attachment 1 Part 5.3 wall=  8.93 s prefill=  2.204 s determined=0 corroborated=0 rejected=0
  CIP-003-8 Attachment 1 Part 5.3.1 wall=  11.2 s prefill=  2.251 s determined=0 corroborated=0 rejected=0
  CIP-003-8 Attachment 1 Part 5.3.2 wall=  7.58 s prefill=  2.252 s determined=0 corroborated=0 rejected=0
  CIP-003-8 R1                 wall=  47.2 s prefill= 19.134 s determined=0 corroborated=0 rejected=3
  CIP-003-8 R1 Part 1.1.1      wall= 44.15 s prefill=  9.792 s determined=0 corroborated=0 rejected=10
  CIP-003-8 R1 Part 1.1.2      wall= 27.16 s prefill=  9.797 s determined=0 corroborated=0 rejected=0
  CIP-003-8 R1 Part 1.1.3      wall= 29.35 s prefill=   9.82 s determined=0 corroborated=0 rejected=0
  CIP-003-8 R1 Part 1.1.4      wall= 13.57 s prefill=  9.763 s determined=0 corroborated=0 rejected=0
  CIP-003-8 R1 Part 1.1.5      wall= 16.97 s prefill=  9.836 s determined=0 corroborated=0 rejected=0
  CIP-003-8 R1 Part 1.1.6      wall= 25.24 s prefill=  9.826 s determined=0 corroborated=0 rejected=2
  CIP-003-8 R1 Part 1.1.7      wall= 78.11 s prefill=  9.602 s determined=0 corroborated=0 rejected=0
  CIP-003-8 R1 Part 1.1.8      wall= 17.76 s prefill= 10.106 s determined=0 corroborated=0 rejected=0
  CIP-003-8 R1 Part 1.1.9      wall= 19.72 s prefill= 10.327 s determined=0 corroborated=0 rejected=1
  CIP-003-8 R1 Part 1.2.1      wall= 24.38 s prefill= 10.201 s determined=0 corroborated=0 rejected=1
  CIP-003-8 R1 Part 1.2.2      wall= 17.51 s prefill=  9.941 s determined=0 corroborated=0 rejected=0
  CIP-003-8 R1 Part 1.2.3      wall= 14.54 s prefill=  9.891 s determined=0 corroborated=0 rejected=0
  CIP-003-8 R1 Part 1.2.4      wall= 35.96 s prefill=  9.901 s determined=0 corroborated=0 rejected=5
  CIP-003-8 R1 Part 1.2.5      wall= 20.17 s prefill=  9.796 s determined=0 corroborated=0 rejected=1
  CIP-003-8 R1 Part 1.2.6      wall= 18.64 s prefill=  9.803 s determined=0 corroborated=0 rejected=0
  CIP-003-8 R2                 wall= 42.46 s prefill= 39.069 s determined=0 corroborated=0 rejected=0
  CIP-003-8 R3                 wall= 21.65 s prefill=  6.134 s determined=0 corroborated=0 rejected=0
  CIP-003-8 R4                 wall= 56.15 s prefill=  7.851 s determined=3 corroborated=0 rejected=8
  39 requirements, 788.22 s, determined 3, corroborated 0, cache collapse x1.2
== CIP-003-9 ==
  CIP-003-9 Attachment 1 Part 1 wall= 10.66 s prefill=    4.7 s determined=0 corroborated=0 rejected=0
  CIP-003-9 Attachment 1 Part 2 wall=  6.21 s prefill=  2.007 s determined=0 corroborated=0 rejected=0
  CIP-003-9 Attachment 1 Part 3 wall=   8.4 s prefill=  1.963 s determined=0 corroborated=0 rejected=0
  CIP-003-9 Attachment 1 Part 3.1 wall=  6.57 s prefill=  1.771 s determined=0 corroborated=0 rejected=0
  CIP-003-9 Attachment 1 Part 3.2 wall=  6.32 s prefill=  1.967 s determined=0 corroborated=0 rejected=0
  CIP-003-9 Attachment 1 Part 4 wall=  5.85 s prefill=  1.968 s determined=0 corroborated=0 rejected=0
  CIP-003-9 Attachment 1 Part 4.1 wall= 10.63 s prefill=  1.924 s determined=0 corroborated=0 rejected=0
  CIP-003-9 Attachment 1 Part 4.2 wall=  9.78 s prefill=  1.969 s determined=0 corroborated=0 rejected=0
  CIP-003-9 Attachment 1 Part 4.3 wall= 10.12 s prefill=   1.92 s determined=0 corroborated=0 rejected=0
  CIP-003-9 Attachment 1 Part 4.4 wall= 11.17 s prefill=  1.919 s determined=0 corroborated=0 rejected=0
  CIP-003-9 Attachment 1 Part 4.5 wall=  7.74 s prefill=  2.021 s determined=0 corroborated=0 rejected=0
  CIP-003-9 Attachment 1 Part 4.6 wall=  6.95 s prefill=   1.99 s determined=0 corroborated=0 rejected=0
  CIP-003-9 Attachment 1 Part 5 wall= 10.55 s prefill=  2.029 s determined=0 corroborated=0 rejected=0
  CIP-003-9 Attachment 1 Part 5.1 wall=  6.53 s prefill=  2.468 s determined=0 corroborated=0 rejected=0
  CIP-003-9 Attachment 1 Part 5.2 wall= 10.72 s prefill=  1.946 s determined=0 corroborated=0 rejected=0
  CIP-003-9 Attachment 1 Part 5.2.1 wall=  9.21 s prefill=  2.986 s determined=0 corroborated=0 rejected=0
  CIP-003-9 Attachment 1 Part 5.2.2 wall=  9.47 s prefill=  1.981 s determined=0 corroborated=0 rejected=0
  CIP-003-9 Attachment 1 Part 5.3 wall=  7.54 s prefill=  1.922 s determined=0 corroborated=0 rejected=0
  CIP-003-9 Attachment 1 Part 5.3.1 wall=  7.49 s prefill=  1.965 s determined=0 corroborated=0 rejected=0
  CIP-003-9 Attachment 1 Part 5.3.2 wall=  9.06 s prefill=  1.972 s determined=0 corroborated=0 rejected=0
  CIP-003-9 Attachment 1 Part 6 wall=  8.58 s prefill=  2.009 s determined=0 corroborated=0 rejected=0
  CIP-003-9 Attachment 1 Part 6.1 wall=  6.36 s prefill=  1.926 s determined=0 corroborated=0 rejected=0
  CIP-003-9 Attachment 1 Part 6.2 wall=  6.78 s prefill=  1.932 s determined=0 corroborated=0 rejected=0
  CIP-003-9 Attachment 1 Part 6.3 wall=  9.69 s prefill=   1.94 s determined=0 corroborated=0 rejected=0
  CIP-003-9 R1                 wall= 22.79 s prefill= 10.831 s determined=0 corroborated=0 rejected=0
  CIP-003-9 R1 Part 1.1.1      wall=  4.57 s prefill=  2.892 s determined=0 corroborated=0 rejected=0
  CIP-003-9 R1 Part 1.1.2      wall=  9.33 s prefill=   1.87 s determined=0 corroborated=0 rejected=0
  CIP-003-9 R1 Part 1.1.3      wall=  8.06 s prefill=  1.846 s determined=0 corroborated=0 rejected=0
  CIP-003-9 R1 Part 1.1.4      wall=  3.89 s prefill=  1.837 s determined=0 corroborated=0 rejected=0
  CIP-003-9 R1 Part 1.1.5      wall=   9.5 s prefill=  1.844 s determined=0 corroborated=0 rejected=0
  CIP-003-9 R1 Part 1.1.6      wall= 12.33 s prefill=  1.846 s determined=0 corroborated=0 rejected=0
  CIP-003-9 R1 Part 1.1.7      wall=  4.59 s prefill=   1.71 s determined=0 corroborated=0 rejected=0
  CIP-003-9 R1 Part 1.1.8      wall= 11.23 s prefill=  1.852 s determined=0 corroborated=0 rejected=0
  CIP-003-9 R1 Part 1.1.9      wall=  5.86 s prefill=  1.864 s determined=0 corroborated=0 rejected=0
  CIP-003-9 R1 Part 1.2.1      wall=  4.87 s prefill=  2.926 s determined=0 corroborated=0 rejected=0
  CIP-003-9 R1 Part 1.2.2      wall= 10.05 s prefill=   1.87 s determined=0 corroborated=0 rejected=0
  CIP-003-9 R1 Part 1.2.3      wall=  3.86 s prefill=  1.862 s determined=0 corroborated=0 rejected=0
  CIP-003-9 R1 Part 1.2.4      wall=  6.14 s prefill=  1.865 s determined=0 corroborated=0 rejected=0
  CIP-003-9 R1 Part 1.2.5      wall=  9.71 s prefill=  1.868 s determined=0 corroborated=0 rejected=0
  CIP-003-9 R1 Part 1.2.6      wall=  6.52 s prefill=  1.858 s determined=0 corroborated=0 rejected=0
  CIP-003-9 R1 Part 1.2.7      wall= 10.37 s prefill=  1.855 s determined=0 corroborated=0 rejected=0
  CIP-003-9 R2                 wall= 11.18 s prefill=  2.885 s determined=0 corroborated=0 rejected=0
  CIP-003-9 R3                 wall= 22.55 s prefill=  3.751 s determined=1 corroborated=0 rejected=0
  CIP-003-9 R4                 wall=  27.1 s prefill=  6.076 s determined=0 corroborated=0 rejected=1
  44 requirements, 407.09 s, determined 1, corroborated 0, cache collapse x2.0
== CIP-004-7 ==
  CIP-004-7 R1 Part 1.1        wall= 42.42 s prefill= 20.539 s determined=1 corroborated=2 rejected=0
  CIP-004-7 R2 Part 2.1        wall= 42.56 s prefill= 20.032 s determined=1 corroborated=3 rejected=0
  CIP-004-7 R2 Part 2.2        wall=  39.9 s prefill= 23.286 s determined=0 corroborated=1 rejected=0
  CIP-004-7 R2 Part 2.3        wall= 41.21 s prefill= 19.354 s determined=1 corroborated=1 rejected=1
  CIP-004-7 R3 Part 3.1        wall= 48.35 s prefill= 21.656 s determined=1 corroborated=4 rejected=0
  CIP-004-7 R3 Part 3.2        wall= 41.65 s prefill= 22.928 s determined=0 corroborated=1 rejected=0
  CIP-004-7 R3 Part 3.3        wall= 47.99 s prefill= 21.776 s determined=1 corroborated=3 rejected=1
  CIP-004-7 R3 Part 3.4        wall= 44.57 s prefill= 20.091 s determined=1 corroborated=1 rejected=2
  CIP-004-7 R3 Part 3.5        wall= 47.21 s prefill= 20.389 s determined=0 corroborated=3 rejected=2
  CIP-004-7 R4 Part 4.1        wall= 42.65 s prefill= 24.551 s determined=0 corroborated=1 rejected=0
  CIP-004-7 R4 Part 4.2        wall= 48.46 s prefill= 22.871 s determined=0 corroborated=0 rejected=1
  CIP-004-7 R4 Part 4.3        wall=  53.5 s prefill= 22.962 s determined=2 corroborated=2 rejected=1
  CIP-004-7 R5 Part 5.1        wall= 97.62 s prefill= 24.057 s determined=0 corroborated=0 rejected=0
  CIP-004-7 R5 Part 5.2        wall= 45.08 s prefill= 25.647 s determined=0 corroborated=1 rejected=0
  CIP-004-7 R5 Part 5.3        wall= 34.93 s prefill= 19.683 s determined=0 corroborated=0 rejected=0
  CIP-004-7 R5 Part 5.4        wall= 46.07 s prefill= 23.514 s determined=0 corroborated=0 rejected=1
  CIP-004-7 R6 Part 6.1        wall= 45.21 s prefill=  23.65 s determined=0 corroborated=0 rejected=1
  CIP-004-7 R6 Part 6.2        wall= 54.43 s prefill= 23.001 s determined=1 corroborated=0 rejected=0
  CIP-004-7 R6 Part 6.3        wall= 41.65 s prefill= 23.765 s determined=0 corroborated=1 rejected=0
  19 requirements, 905.75 s, determined 9, corroborated 24, cache collapse x0.9
== CIP-005-7 ==
  CIP-005-7 R1 Part 1.1        wall= 31.03 s prefill= 11.867 s determined=1 corroborated=0 rejected=0
  CIP-005-7 R1 Part 1.2        wall= 34.56 s prefill=  15.84 s determined=0 corroborated=0 rejected=1
  CIP-005-7 R1 Part 1.3        wall= 27.83 s prefill= 11.398 s determined=1 corroborated=0 rejected=0
  CIP-005-7 R1 Part 1.4        wall= 30.49 s prefill= 14.174 s determined=0 corroborated=0 rejected=1
  CIP-005-7 R1 Part 1.5        wall= 25.94 s prefill= 11.123 s determined=0 corroborated=0 rejected=1
  CIP-005-7 R2 Part 2.1        wall= 85.91 s prefill= 16.407 s determined=0 corroborated=0 rejected=0
  CIP-005-7 R2 Part 2.2        wall= 32.34 s prefill= 14.119 s determined=0 corroborated=0 rejected=1
  CIP-005-7 R2 Part 2.3        wall= 40.48 s prefill= 14.615 s determined=3 corroborated=2 rejected=1
  CIP-005-7 R2 Part 2.4        wall= 29.88 s prefill= 13.206 s determined=0 corroborated=0 rejected=1
  CIP-005-7 R2 Part 2.5        wall= 42.12 s prefill= 15.477 s determined=3 corroborated=1 rejected=1
  CIP-005-7 R3 Part 3.1        wall= 79.65 s prefill= 12.309 s determined=0 corroborated=0 rejected=0
  CIP-005-7 R3 Part 3.2        wall= 30.28 s prefill= 12.588 s determined=0 corroborated=0 rejected=1
  12 requirements, 490.67 s, determined 8, corroborated 3, cache collapse x0.9
== CIP-006-6 ==
  CIP-006-6 R1 Part 1.1        wall= 34.61 s prefill= 20.398 s determined=0 corroborated=0 rejected=0
  CIP-006-6 R1 Part 1.2        wall= 31.17 s prefill= 20.279 s determined=0 corroborated=0 rejected=0
  CIP-006-6 R1 Part 1.3        wall= 40.67 s prefill=  19.95 s determined=1 corroborated=0 rejected=0
  CIP-006-6 R1 Part 1.4        wall=  53.5 s prefill= 19.661 s determined=1 corroborated=4 rejected=1
  CIP-006-6 R1 Part 1.5        wall= 36.41 s prefill=  18.44 s determined=0 corroborated=1 rejected=0
  CIP-006-6 R1 Part 1.6        wall= 52.03 s prefill= 21.152 s determined=1 corroborated=3 rejected=1
  CIP-006-6 R1 Part 1.7        wall= 34.72 s prefill= 21.039 s determined=0 corroborated=0 rejected=0
  CIP-006-6 R1 Part 1.8        wall=  50.5 s prefill= 20.414 s determined=1 corroborated=2 rejected=1
  CIP-006-6 R1 Part 1.9        wall= 33.91 s prefill= 20.903 s determined=1 corroborated=1 rejected=0
  CIP-006-6 R1 Part 1.10       wall=  47.8 s prefill=  20.24 s determined=1 corroborated=1 rejected=2
  CIP-006-6 R2 Part 2.1        wall=  42.7 s prefill= 13.839 s determined=2 corroborated=2 rejected=0
  CIP-006-6 R2 Part 2.2        wall= 36.48 s prefill= 15.037 s determined=1 corroborated=1 rejected=1
  CIP-006-6 R2 Part 2.3        wall= 27.93 s prefill= 13.979 s determined=1 corroborated=0 rejected=0
  CIP-006-6 R3                 wall= 28.93 s prefill=  9.924 s determined=0 corroborated=0 rejected=3
  14 requirements, 551.59 s, determined 10, corroborated 15, cache collapse x1.1
== CIP-007-6 ==
  CIP-007-6 R1 Part 1.1        wall= 72.21 s prefill= 45.363 s determined=1 corroborated=1 rejected=2
  CIP-007-6 R1 Part 1.2        wall= 63.74 s prefill= 43.401 s determined=1 corroborated=1 rejected=0
  CIP-007-6 R2 Part 2.1        wall= 68.22 s prefill= 42.438 s determined=1 corroborated=0 rejected=0
  CIP-007-6 R2 Part 2.2        wall= 68.63 s prefill= 46.142 s determined=1 corroborated=0 rejected=0
  CIP-007-6 R2 Part 2.3        wall= 79.41 s prefill=  45.36 s determined=2 corroborated=2 rejected=1
  CIP-007-6 R2 Part 2.4        wall=106.69 s prefill= 47.287 s determined=2 corroborated=4 rejected=3
  CIP-007-6 R3 Part 3.1        wall= 62.64 s prefill= 39.455 s determined=1 corroborated=2 rejected=0
  CIP-007-6 R3 Part 3.2        wall= 69.34 s prefill= 46.762 s determined=0 corroborated=0 rejected=1
  CIP-007-6 R3 Part 3.3        wall= 45.78 s prefill=  38.47 s determined=0 corroborated=0 rejected=0
  CIP-007-6 R4 Part 4.1        wall= 54.85 s prefill= 45.025 s determined=0 corroborated=0 rejected=0
  CIP-007-6 R4 Part 4.2        wall= 55.62 s prefill= 45.391 s determined=0 corroborated=0 rejected=0
  CIP-007-6 R4 Part 4.3        wall= 70.06 s prefill= 46.339 s determined=0 corroborated=0 rejected=1
  CIP-007-6 R4 Part 4.4        wall= 73.61 s prefill= 44.409 s determined=1 corroborated=3 rejected=1
  CIP-007-6 R5 Part 5.1        wall=  73.0 s prefill= 51.424 s determined=0 corroborated=0 rejected=1
  CIP-007-6 R5 Part 5.2        wall= 56.48 s prefill= 46.037 s determined=0 corroborated=0 rejected=1
  CIP-007-6 R5 Part 5.3        wall= 69.91 s prefill= 48.305 s determined=1 corroborated=0 rejected=0
  CIP-007-6 R5 Part 5.4        wall= 70.65 s prefill= 50.831 s determined=0 corroborated=0 rejected=1
  CIP-007-6 R5 Part 5.5        wall= 68.75 s prefill= 50.875 s determined=0 corroborated=1 rejected=0
  CIP-007-6 R5 Part 5.6        wall= 60.77 s prefill= 50.471 s determined=0 corroborated=0 rejected=0
  CIP-007-6 R5 Part 5.7        wall= 62.18 s prefill= 50.443 s determined=0 corroborated=0 rejected=0
  20 requirements, 1352.89 s, determined 11, corroborated 14, cache collapse x1.0
== CIP-008-6 ==
  CIP-008-6 R1 Part 1.1        wall= 44.51 s prefill= 19.641 s determined=1 corroborated=3 rejected=0
  CIP-008-6 R1 Part 1.2        wall= 37.42 s prefill= 20.587 s determined=0 corroborated=0 rejected=0
  CIP-008-6 R1 Part 1.3        wall= 46.59 s prefill= 25.814 s determined=0 corroborated=0 rejected=1
  CIP-008-6 R1 Part 1.4        wall=  57.9 s prefill= 22.972 s determined=2 corroborated=3 rejected=0
  CIP-008-6 R2 Part 2.1        wall= 49.58 s prefill= 26.382 s determined=1 corroborated=0 rejected=0
  CIP-008-6 R2 Part 2.2        wall= 45.33 s prefill=  26.32 s determined=0 corroborated=0 rejected=0
  CIP-008-6 R2 Part 2.3        wall= 57.75 s prefill= 20.799 s determined=5 corroborated=0 rejected=0
  CIP-008-6 R3 Part 3.1        wall= 59.63 s prefill= 24.904 s determined=0 corroborated=0 rejected=6
  CIP-008-6 R3 Part 3.2        wall= 41.27 s prefill= 20.993 s determined=1 corroborated=0 rejected=0
  CIP-008-6 R4 Part 4.1        wall= 37.68 s prefill= 23.015 s determined=0 corroborated=0 rejected=0
  CIP-008-6 R4 Part 4.2        wall= 49.75 s prefill= 21.132 s determined=1 corroborated=2 rejected=2
  CIP-008-6 R4 Part 4.3        wall= 20.24 s prefill= 12.001 s determined=0 corroborated=0 rejected=0
  12 requirements, 547.81 s, determined 11, corroborated 8, cache collapse x0.9
== CIP-009-6 ==
  CIP-009-6 R1 Part 1.1        wall= 31.01 s prefill= 16.535 s determined=1 corroborated=0 rejected=0
  CIP-009-6 R1 Part 1.2        wall=  41.5 s prefill= 14.425 s determined=4 corroborated=1 rejected=0
  CIP-009-6 R1 Part 1.3        wall= 37.32 s prefill= 18.268 s determined=1 corroborated=0 rejected=0
  CIP-009-6 R1 Part 1.4        wall= 39.13 s prefill= 18.266 s determined=0 corroborated=0 rejected=1
  CIP-009-6 R1 Part 1.5        wall= 36.85 s prefill= 17.892 s determined=0 corroborated=1 rejected=0
  CIP-009-6 R2 Part 2.1        wall= 34.68 s prefill=  16.38 s determined=0 corroborated=0 rejected=1
  CIP-009-6 R2 Part 2.2        wall= 34.88 s prefill= 15.135 s determined=0 corroborated=1 rejected=0
  CIP-009-6 R2 Part 2.3        wall= 47.73 s prefill= 23.147 s determined=0 corroborated=0 rejected=1
  CIP-009-6 R3 Part 3.1        wall= 52.24 s prefill= 21.032 s determined=2 corroborated=0 rejected=0
  CIP-009-6 R3 Part 3.2        wall= 50.27 s prefill= 21.664 s determined=0 corroborated=0 rejected=1
  10 requirements, 405.78 s, determined 8, corroborated 3, cache collapse x0.9
== CIP-010-4 ==
  CIP-010-4 R1 Part 1.1        wall= 33.45 s prefill=  9.647 s determined=0 corroborated=0 rejected=5
  CIP-010-4 R1 Part 1.2        wall= 33.48 s prefill= 11.953 s determined=1 corroborated=3 rejected=1
  CIP-010-4 R1 Part 1.3        wall=  31.4 s prefill= 11.488 s determined=0 corroborated=0 rejected=1
  CIP-010-4 R1 Part 1.4        wall= 51.01 s prefill= 11.726 s determined=2 corroborated=5 rejected=1
  CIP-010-4 R1 Part 1.5        wall= 44.11 s prefill= 10.054 s determined=0 corroborated=5 rejected=1
  CIP-010-4 R1 Part 1.6        wall= 45.78 s prefill= 11.474 s determined=2 corroborated=1 rejected=2
  CIP-010-4 R2 Part 2.1        wall= 27.29 s prefill=   9.76 s determined=0 corroborated=0 rejected=1
  CIP-010-4 R3 Part 3.1        wall=  28.0 s prefill= 10.849 s determined=1 corroborated=0 rejected=0
  CIP-010-4 R3 Part 3.2        wall= 28.49 s prefill=  10.53 s determined=0 corroborated=1 rejected=0
  CIP-010-4 R3 Part 3.3        wall= 31.86 s prefill= 14.777 s determined=0 corroborated=0 rejected=0
  CIP-010-4 R3 Part 3.4        wall= 36.92 s prefill=  8.244 s determined=1 corroborated=2 rejected=2
  CIP-010-4 R4                 wall= 10.36 s prefill=  4.637 s determined=0 corroborated=0 rejected=0
  12 requirements, 402.29 s, determined 7, corroborated 17, cache collapse x0.9
== CIP-011-3 ==
  CIP-011-3 R1 Part 1.1        wall= 30.14 s prefill=  7.577 s determined=2 corroborated=3 rejected=0
  CIP-011-3 R1 Part 1.2        wall= 35.34 s prefill=  7.293 s determined=2 corroborated=2 rejected=1
  CIP-011-3 R2 Part 2.1        wall= 24.08 s prefill=  6.703 s determined=0 corroborated=0 rejected=1
  CIP-011-3 R2 Part 2.2        wall= 21.87 s prefill=  7.316 s determined=0 corroborated=1 rejected=0
  4 requirements, 111.49 s, determined 4, corroborated 6, cache collapse x1.1
== CIP-012-2 ==
  CIP-012-2 R1                 wall=  28.5 s prefill= 10.809 s determined=0 corroborated=0 rejected=1
  CIP-012-2 R1 Part 1.1        wall=  7.92 s prefill=  4.048 s determined=0 corroborated=0 rejected=0
  CIP-012-2 R1 Part 1.2        wall=  7.62 s prefill=  1.702 s determined=0 corroborated=0 rejected=0
  CIP-012-2 R1 Part 1.3        wall=  6.39 s prefill=  1.695 s determined=0 corroborated=0 rejected=0
  CIP-012-2 R1 Part 1.4        wall=  5.64 s prefill=  1.687 s determined=0 corroborated=0 rejected=0
  CIP-012-2 R1 Part 1.5        wall=  6.19 s prefill=  1.747 s determined=0 corroborated=0 rejected=0
  6 requirements, 62.29 s, determined 0, corroborated 0, cache collapse x5.0
== CIP-013-2 ==
  CIP-013-2 R1                 wall= 25.22 s prefill=  9.545 s determined=0 corroborated=0 rejected=0
  CIP-013-2 R1 Part 1.1        wall=  9.35 s prefill=  2.583 s determined=0 corroborated=0 rejected=0
  CIP-013-2 R1 Part 1.2        wall=  8.22 s prefill=  2.524 s determined=0 corroborated=0 rejected=0
  CIP-013-2 R1 Part 1.2.1      wall=  9.24 s prefill=   2.53 s determined=0 corroborated=0 rejected=0
  CIP-013-2 R1 Part 1.2.2      wall=  6.14 s prefill=  2.537 s determined=0 corroborated=0 rejected=0
  CIP-013-2 R1 Part 1.2.3      wall=  9.34 s prefill=  2.536 s determined=0 corroborated=0 rejected=1
  CIP-013-2 R1 Part 1.2.4      wall=  7.39 s prefill=  2.535 s determined=0 corroborated=0 rejected=0
  CIP-013-2 R1 Part 1.2.5      wall=  7.97 s prefill=  2.549 s determined=0 corroborated=0 rejected=0
  CIP-013-2 R1 Part 1.2.6      wall=  7.92 s prefill=   2.53 s determined=0 corroborated=0 rejected=0
  CIP-013-2 R2                 wall= 78.69 s prefill= 11.607 s determined=0 corroborated=0 rejected=0
  CIP-013-2 R3                 wall= 20.66 s prefill=  8.012 s determined=0 corroborated=0 rejected=0
  11 requirements, 190.22 s, determined 0, corroborated 0, cache collapse x2.4
== CIP-014-3 ==
  CIP-014-3 R1 Part 1.1        wall= 21.11 s prefill= 17.965 s determined=0 corroborated=0 rejected=0
  CIP-014-3 R1 Part 1.2        wall=  6.04 s prefill=  3.021 s determined=0 corroborated=0 rejected=0
  CIP-014-3 R2 Part 2.1        wall=  5.76 s prefill=  3.773 s determined=0 corroborated=0 rejected=0
  CIP-014-3 R2 Part 2.2        wall= 38.42 s prefill=  4.095 s determined=0 corroborated=0 rejected=4
  CIP-014-3 R2 Part 2.3        wall= 30.71 s prefill=  4.315 s determined=0 corroborated=0 rejected=0
  CIP-014-3 R2 Part 2.4        wall=  5.66 s prefill=  3.646 s determined=0 corroborated=0 rejected=0
  CIP-014-3 R4                 wall=  31.1 s prefill= 11.004 s determined=1 corroborated=1 rejected=0
  CIP-014-3 R4 Part 4.1        wall=  8.89 s prefill=   2.86 s determined=0 corroborated=0 rejected=0
  CIP-014-3 R4 Part 4.2        wall=  12.5 s prefill=  2.853 s determined=0 corroborated=0 rejected=0
  CIP-014-3 R4 Part 4.3        wall= 14.86 s prefill=  2.884 s determined=0 corroborated=0 rejected=1
  CIP-014-3 R5                 wall= 29.67 s prefill= 10.804 s determined=1 corroborated=1 rejected=0
  CIP-014-3 R5 Part 5.1        wall=  16.5 s prefill=   2.99 s determined=0 corroborated=0 rejected=0
  CIP-014-3 R5 Part 5.2        wall= 13.42 s prefill=  2.526 s determined=0 corroborated=0 rejected=0
  CIP-014-3 R5 Part 5.3        wall=  7.96 s prefill=  2.548 s determined=0 corroborated=0 rejected=0
  CIP-014-3 R5 Part 5.4        wall= 11.68 s prefill=  2.608 s determined=0 corroborated=0 rejected=0
  CIP-014-3 R6 Part 6.1        wall=  5.48 s prefill=  3.151 s determined=0 corroborated=0 rejected=0
  CIP-014-3 R6 Part 6.2        wall=  7.05 s prefill=  3.049 s determined=0 corroborated=0 rejected=0
  CIP-014-3 R6 Part 6.3        wall= 14.86 s prefill=  3.346 s determined=0 corroborated=0 rejected=0
  CIP-014-3 R6 Part 6.4        wall=  5.14 s prefill=  2.967 s determined=0 corroborated=0 rejected=0
  19 requirements, 286.96 s, determined 2, corroborated 2, cache collapse x4.5

family so far: 255 requirements, 7134 s total, 28.0 s/requirement
