== CIP-002-5.1a ==
  CIP-002-5.1a Attachment 1 Part 1.1 wall= 50.34 s prefill= 12.732 s determined=0 corroborated=0 rejected=4
  CIP-002-5.1a Attachment 1 Part 1.2 wall= 32.03 s prefill= 15.975 s determined=1 corroborated=2 rejected=0
  CIP-002-5.1a Attachment 1 Part 1.3 wall= 33.67 s prefill= 15.819 s determined=0 corroborated=0 rejected=0
  CIP-002-5.1a Attachment 1 Part 1.4 wall= 46.53 s prefill= 14.944 s determined=0 corroborated=0 rejected=6
  CIP-002-5.1a Attachment 1 Part 2.1 wall=  39.0 s prefill= 14.594 s determined=0 corroborated=0 rejected=2
  CIP-002-5.1a Attachment 1 Part 2.2 wall= 27.36 s prefill=  14.02 s determined=0 corroborated=0 rejected=0
  CIP-002-5.1a Attachment 1 Part 2.3 wall= 22.15 s prefill= 14.146 s determined=0 corroborated=0 rejected=0
  CIP-002-5.1a Attachment 1 Part 2.4 wall= 14.18 s prefill= 10.653 s determined=0 corroborated=0 rejected=0
  CIP-002-5.1a Attachment 1 Part 2.5 wall= 18.78 s prefill= 11.214 s determined=0 corroborated=1 rejected=0
  CIP-002-5.1a Attachment 1 Part 2.6 wall= 22.21 s prefill= 11.921 s determined=0 corroborated=1 rejected=0
  CIP-002-5.1a Attachment 1 Part 2.7 wall= 17.08 s prefill= 10.826 s determined=0 corroborated=0 rejected=0
  CIP-002-5.1a Attachment 1 Part 2.8 wall= 25.28 s prefill= 12.427 s determined=0 corroborated=0 rejected=0
  CIP-002-5.1a Attachment 1 Part 2.9 wall= 25.55 s prefill=  14.68 s determined=0 corroborated=1 rejected=0
  CIP-002-5.1a Attachment 1 Part 2.10 wall= 14.13 s prefill=  10.91 s determined=0 corroborated=0 rejected=0
  CIP-002-5.1a Attachment 1 Part 2.11 wall= 22.88 s prefill= 11.636 s determined=0 corroborated=0 rejected=0
  CIP-002-5.1a Attachment 1 Part 2.12 wall= 25.22 s prefill= 12.997 s determined=1 corroborated=0 rejected=0
  CIP-002-5.1a Attachment 1 Part 2.13 wall= 33.03 s prefill= 13.823 s determined=0 corroborated=0 rejected=2
  CIP-002-5.1a Attachment 1 Part 3.1 wall= 41.41 s prefill= 13.541 s determined=1 corroborated=4 rejected=0
  CIP-002-5.1a Attachment 1 Part 3.2 wall= 38.48 s prefill= 18.039 s determined=1 corroborated=1 rejected=0
  CIP-002-5.1a Attachment 1 Part 3.3 wall= 18.15 s prefill= 11.939 s determined=0 corroborated=1 rejected=0
  CIP-002-5.1a Attachment 1 Part 3.4 wall=  20.7 s prefill= 13.893 s determined=0 corroborated=0 rejected=0
  CIP-002-5.1a Attachment 1 Part 3.5 wall= 26.74 s prefill= 15.098 s determined=0 corroborated=0 rejected=0
  CIP-002-5.1a Attachment 1 Part 3.6 wall= 16.12 s prefill= 12.754 s determined=0 corroborated=0 rejected=0
  CIP-002-5.1a Attachment 1 Section 1 wall= 42.87 s prefill= 13.211 s determined=1 corroborated=4 rejected=0
  CIP-002-5.1a Attachment 1 Section 2 wall= 24.91 s prefill= 12.624 s determined=0 corroborated=0 rejected=0
  CIP-002-5.1a Attachment 1 Section 3 wall= 38.84 s prefill= 13.813 s determined=0 corroborated=3 rejected=0
  CIP-002-5.1a R1              wall= 96.86 s prefill=  56.84 s determined=0 corroborated=1 rejected=0
  CIP-002-5.1a R1 Part 1.1     wall= 73.95 s prefill= 40.005 s determined=0 corroborated=0 rejected=5
  CIP-002-5.1a R1 Part 1.2     wall= 58.47 s prefill= 39.762 s determined=0 corroborated=0 rejected=1
  CIP-002-5.1a R1 Part 1.3     wall= 66.44 s prefill= 41.434 s determined=0 corroborated=0 rejected=3
  CIP-002-5.1a R2              wall= 28.93 s prefill= 21.894 s determined=0 corroborated=0 rejected=1
  CIP-002-5.1a R2 Part 2.1     wall= 39.08 s prefill=  17.66 s determined=0 corroborated=5 rejected=0
  CIP-002-5.1a R2 Part 2.2     wall= 32.79 s prefill= 20.214 s determined=0 corroborated=0 rejected=0
  33 requirements, 1134.66 s, determined 5, corroborated 24, cache collapse x0.7
== CIP-003-8 ==
  CIP-003-8 Attachment 1 Part 1 wall=  37.8 s prefill= 18.174 s determined=0 corroborated=0 rejected=1
  CIP-003-8 Attachment 1 Part 2 wall= 50.02 s prefill= 19.546 s determined=0 corroborated=0 rejected=10
  CIP-003-8 Attachment 1 Part 3 wall=107.48 s prefill= 22.349 s determined=0 corroborated=0 rejected=0
  CIP-003-8 Attachment 1 Part 3.1 wall= 32.09 s prefill= 14.832 s determined=0 corroborated=0 rejected=1
  CIP-003-8 Attachment 1 Part 3.2 wall= 33.78 s prefill= 15.608 s determined=0 corroborated=0 rejected=1
  CIP-003-8 Attachment 1 Part 4 wall= 58.85 s prefill= 25.158 s determined=0 corroborated=0 rejected=6
  CIP-003-8 Attachment 1 Part 4.1 wall= 42.57 s prefill= 24.517 s determined=0 corroborated=0 rejected=1
  CIP-003-8 Attachment 1 Part 4.2 wall= 87.71 s prefill= 12.617 s determined=0 corroborated=0 rejected=0
  CIP-003-8 Attachment 1 Part 4.3 wall= 44.27 s prefill= 21.385 s determined=1 corroborated=3 rejected=1
  CIP-003-8 Attachment 1 Part 4.4 wall= 48.03 s prefill=   22.3 s determined=1 corroborated=0 rejected=3
  CIP-003-8 Attachment 1 Part 4.5 wall= 47.86 s prefill= 24.629 s determined=0 corroborated=0 rejected=3
  CIP-003-8 Attachment 1 Part 4.6 wall= 83.77 s prefill= 18.877 s determined=4 corroborated=2 rejected=8
  CIP-003-8 Attachment 1 Part 5 wall= 96.51 s prefill= 26.439 s determined=0 corroborated=0 rejected=12
  CIP-003-8 Attachment 1 Part 5.1 wall= 43.43 s prefill= 19.834 s determined=2 corroborated=3 rejected=0
  CIP-003-8 Attachment 1 Part 5.2 wall= 42.73 s prefill= 18.517 s determined=0 corroborated=0 rejected=2
  CIP-003-8 Attachment 1 Part 5.2.1 wall= 45.05 s prefill= 19.954 s determined=0 corroborated=2 rejected=2
  CIP-003-8 Attachment 1 Part 5.2.2 wall= 46.94 s prefill=  20.14 s determined=0 corroborated=0 rejected=4
  CIP-003-8 Attachment 1 Part 5.3 wall=  35.7 s prefill= 17.649 s determined=0 corroborated=0 rejected=1
  CIP-003-8 Attachment 1 Part 5.3.1 wall= 31.51 s prefill= 18.093 s determined=0 corroborated=0 rejected=0
  CIP-003-8 Attachment 1 Part 5.3.2 wall= 36.84 s prefill= 18.731 s determined=0 corroborated=0 rejected=1
  CIP-003-8 R1                 wall=121.95 s prefill= 33.782 s determined=0 corroborated=0 rejected=0
  CIP-003-8 R1 Part 1.1.1      wall=  44.0 s prefill= 19.444 s determined=3 corroborated=2 rejected=0
  CIP-003-8 R1 Part 1.1.2      wall=114.56 s prefill= 29.044 s determined=0 corroborated=0 rejected=0
  CIP-003-8 R1 Part 1.1.3      wall=  32.7 s prefill= 19.945 s determined=0 corroborated=0 rejected=0
  CIP-003-8 R1 Part 1.1.4      wall= 36.09 s prefill= 18.846 s determined=2 corroborated=0 rejected=0
  CIP-003-8 R1 Part 1.1.5      wall= 53.02 s prefill= 26.254 s determined=2 corroborated=3 rejected=0
  CIP-003-8 R1 Part 1.1.6      wall= 52.36 s prefill= 27.327 s determined=0 corroborated=0 rejected=2
  CIP-003-8 R1 Part 1.1.7      wall= 94.03 s prefill= 29.623 s determined=0 corroborated=3 rejected=6
  CIP-003-8 R1 Part 1.1.8      wall= 33.53 s prefill=  18.82 s determined=1 corroborated=0 rejected=0
  CIP-003-8 R1 Part 1.1.9      wall= 41.62 s prefill=  21.41 s determined=1 corroborated=0 rejected=0
  CIP-003-8 R1 Part 1.2.1      wall= 40.77 s prefill= 17.607 s determined=0 corroborated=0 rejected=1
  CIP-003-8 R1 Part 1.2.2      wall=  46.6 s prefill= 22.884 s determined=0 corroborated=0 rejected=1
  CIP-003-8 R1 Part 1.2.3      wall= 39.82 s prefill= 19.316 s determined=1 corroborated=2 rejected=0
  CIP-003-8 R1 Part 1.2.4      wall= 28.42 s prefill= 17.711 s determined=0 corroborated=0 rejected=0
  CIP-003-8 R1 Part 1.2.5      wall= 48.73 s prefill= 26.128 s determined=0 corroborated=0 rejected=1
  CIP-003-8 R1 Part 1.2.6      wall= 48.07 s prefill= 19.692 s determined=1 corroborated=4 rejected=0
  CIP-003-8 R2                 wall=127.95 s prefill= 81.898 s determined=0 corroborated=0 rejected=0
  CIP-003-8 R3                 wall= 41.14 s prefill= 11.626 s determined=2 corroborated=4 rejected=1
  CIP-003-8 R4                 wall= 29.84 s prefill= 13.669 s determined=0 corroborated=0 rejected=1
  39 requirements, 2128.78 s, determined 21, corroborated 28, cache collapse x0.8
== CIP-003-9 ==
  CIP-003-9 Attachment 1 Part 1 wall= 39.42 s prefill= 13.011 s determined=0 corroborated=0 rejected=3
  CIP-003-9 Attachment 1 Part 2 wall= 48.35 s prefill= 14.316 s determined=0 corroborated=0 rejected=5
  CIP-003-9 Attachment 1 Part 3 wall= 94.69 s prefill= 16.738 s determined=0 corroborated=0 rejected=0
  CIP-003-9 Attachment 1 Part 3.1 wall= 19.22 s prefill=   6.83 s determined=0 corroborated=0 rejected=0
  CIP-003-9 Attachment 1 Part 3.2 wall=  26.3 s prefill= 10.669 s determined=0 corroborated=0 rejected=1
  CIP-003-9 Attachment 1 Part 4 wall= 46.61 s prefill= 19.955 s determined=0 corroborated=0 rejected=5
  CIP-003-9 Attachment 1 Part 4.1 wall= 43.35 s prefill= 19.803 s determined=0 corroborated=1 rejected=1
  CIP-003-9 Attachment 1 Part 4.2 wall= 26.55 s prefill=  8.573 s determined=0 corroborated=0 rejected=1
  CIP-003-9 Attachment 1 Part 4.3 wall= 38.47 s prefill= 16.481 s determined=0 corroborated=0 rejected=1
  CIP-003-9 Attachment 1 Part 4.4 wall= 52.19 s prefill= 17.526 s determined=0 corroborated=0 rejected=5
  CIP-003-9 Attachment 1 Part 4.5 wall= 39.79 s prefill= 20.335 s determined=0 corroborated=0 rejected=1
  CIP-003-9 Attachment 1 Part 4.6 wall= 32.65 s prefill= 15.025 s determined=0 corroborated=1 rejected=0
  CIP-003-9 Attachment 1 Part 5 wall=103.41 s prefill= 21.256 s determined=0 corroborated=0 rejected=0
  CIP-003-9 Attachment 1 Part 5.1 wall= 33.04 s prefill= 15.931 s determined=0 corroborated=0 rejected=1
  CIP-003-9 Attachment 1 Part 5.2 wall= 34.08 s prefill= 14.477 s determined=2 corroborated=1 rejected=1
  CIP-003-9 Attachment 1 Part 5.2.1 wall= 41.08 s prefill= 15.557 s determined=0 corroborated=0 rejected=1
  CIP-003-9 Attachment 1 Part 5.2.2 wall= 42.71 s prefill= 15.462 s determined=0 corroborated=0 rejected=3
  CIP-003-9 Attachment 1 Part 5.3 wall= 36.46 s prefill= 12.836 s determined=1 corroborated=1 rejected=1
  CIP-003-9 Attachment 1 Part 5.3.1 wall=  42.7 s prefill= 13.351 s determined=0 corroborated=0 rejected=5
  CIP-003-9 Attachment 1 Part 5.3.2 wall= 32.66 s prefill= 13.951 s determined=0 corroborated=0 rejected=1
  CIP-003-9 Attachment 1 Part 6 wall= 68.02 s prefill= 18.293 s determined=1 corroborated=0 rejected=10
  CIP-003-9 Attachment 1 Part 6.1 wall= 39.69 s prefill=  12.74 s determined=0 corroborated=0 rejected=5
  CIP-003-9 Attachment 1 Part 6.2 wall= 91.89 s prefill= 12.559 s determined=0 corroborated=0 rejected=0
  CIP-003-9 Attachment 1 Part 6.3 wall= 37.43 s prefill= 13.068 s determined=0 corroborated=0 rejected=4
  CIP-003-9 R1                 wall= 50.31 s prefill= 33.961 s determined=0 corroborated=0 rejected=0
  CIP-003-9 R1 Part 1.1.1      wall= 26.67 s prefill=  7.216 s determined=3 corroborated=2 rejected=0
  CIP-003-9 R1 Part 1.1.2      wall= 91.47 s prefill= 14.765 s determined=0 corroborated=0 rejected=0
  CIP-003-9 R1 Part 1.1.3      wall= 32.95 s prefill=  7.868 s determined=1 corroborated=2 rejected=1
  CIP-003-9 R1 Part 1.1.4      wall= 20.34 s prefill=  7.342 s determined=1 corroborated=0 rejected=0
  CIP-003-9 R1 Part 1.1.5      wall= 88.22 s prefill= 13.229 s determined=0 corroborated=0 rejected=0
  CIP-003-9 R1 Part 1.1.6      wall= 34.28 s prefill= 14.681 s determined=0 corroborated=0 rejected=1
  CIP-003-9 R1 Part 1.1.7      wall= 29.51 s prefill= 16.319 s determined=0 corroborated=0 rejected=0
  CIP-003-9 R1 Part 1.1.8      wall= 20.59 s prefill=  7.296 s determined=1 corroborated=0 rejected=0
  CIP-003-9 R1 Part 1.1.9      wall=  33.1 s prefill=  9.256 s determined=1 corroborated=4 rejected=0
  CIP-003-9 R1 Part 1.2.1      wall= 16.77 s prefill=  6.665 s determined=0 corroborated=0 rejected=0
  CIP-003-9 R1 Part 1.2.2      wall= 33.33 s prefill= 11.097 s determined=2 corroborated=3 rejected=0
  CIP-003-9 R1 Part 1.2.3      wall=  28.7 s prefill=  8.583 s determined=1 corroborated=4 rejected=0
  CIP-003-9 R1 Part 1.2.4      wall= 21.95 s prefill=  7.471 s determined=0 corroborated=0 rejected=0
  CIP-003-9 R1 Part 1.2.5      wall= 31.49 s prefill= 14.254 s determined=0 corroborated=0 rejected=1
  CIP-003-9 R1 Part 1.2.6      wall=  59.9 s prefill= 12.759 s determined=2 corroborated=1 rejected=6
  CIP-003-9 R1 Part 1.2.7      wall= 31.98 s prefill=  9.364 s determined=1 corroborated=3 rejected=1
  CIP-003-9 R2                 wall=110.47 s prefill= 25.722 s determined=0 corroborated=0 rejected=0
  CIP-003-9 R3                 wall= 35.93 s prefill=  7.483 s determined=0 corroborated=0 rejected=7
  CIP-003-9 R4                 wall= 34.86 s prefill=  9.024 s determined=1 corroborated=3 rejected=1
  44 requirements, 1944.14 s, determined 18, corroborated 26, cache collapse x0.9
skip CIP-004-7 (already recorded)
skip CIP-005-7 (already recorded)
skip CIP-006-6 (already recorded)
skip CIP-007-6 (already recorded)
skip CIP-008-6 (already recorded)
skip CIP-009-6 (already recorded)
skip CIP-010-4 (already recorded)
skip CIP-011-3 (already recorded)
== CIP-012-2 ==
  CIP-012-2 R1                 wall= 47.81 s prefill= 23.391 s determined=1 corroborated=0 rejected=1
  CIP-012-2 R1 Part 1.1        wall= 40.76 s prefill= 12.046 s determined=0 corroborated=2 rejected=1
  CIP-012-2 R1 Part 1.2        wall= 66.49 s prefill= 12.098 s determined=4 corroborated=0 rejected=6
  CIP-012-2 R1 Part 1.3        wall= 27.86 s prefill=  7.561 s determined=2 corroborated=2 rejected=0
  CIP-012-2 R1 Part 1.4        wall= 89.56 s prefill= 12.389 s determined=0 corroborated=0 rejected=0
  CIP-012-2 R1 Part 1.5        wall= 26.06 s prefill=  8.362 s determined=1 corroborated=2 rejected=0
  6 requirements, 298.6 s, determined 8, corroborated 6, cache collapse x2.2
== CIP-013-2 ==
  CIP-013-2 R1                 wall= 71.19 s prefill= 23.568 s determined=0 corroborated=2 rejected=1
  CIP-013-2 R1 Part 1.1        wall= 30.63 s prefill= 10.378 s determined=3 corroborated=1 rejected=0
  CIP-013-2 R1 Part 1.2        wall= 24.87 s prefill=  7.188 s determined=2 corroborated=0 rejected=0
  CIP-013-2 R1 Part 1.2.1      wall= 43.66 s prefill=  9.976 s determined=3 corroborated=1 rejected=1
  CIP-013-2 R1 Part 1.2.2      wall= 33.39 s prefill=  9.923 s determined=3 corroborated=0 rejected=1
  CIP-013-2 R1 Part 1.2.3      wall= 23.16 s prefill=  7.026 s determined=1 corroborated=2 rejected=0
  CIP-013-2 R1 Part 1.2.4      wall= 34.14 s prefill= 10.203 s determined=3 corroborated=2 rejected=0
  CIP-013-2 R1 Part 1.2.5      wall= 23.42 s prefill=  8.932 s determined=0 corroborated=2 rejected=0
  CIP-013-2 R1 Part 1.2.6      wall= 22.25 s prefill=  4.792 s determined=0 corroborated=2 rejected=1
  CIP-013-2 R2                 wall= 22.36 s prefill= 12.693 s determined=0 corroborated=0 rejected=0
  CIP-013-2 R3                 wall= 28.77 s prefill=   8.61 s determined=2 corroborated=2 rejected=1
  11 requirements, 357.97 s, determined 17, corroborated 14, cache collapse x2.6
== CIP-014-3 ==
  CIP-014-3 R1 Part 1.1        wall= 53.54 s prefill= 28.101 s determined=0 corroborated=0 rejected=1
  CIP-014-3 R1 Part 1.2        wall= 47.35 s prefill=  25.72 s determined=1 corroborated=1 rejected=0
  CIP-014-3 R2 Part 2.1        wall= 70.91 s prefill= 26.942 s determined=0 corroborated=0 rejected=7
  CIP-014-3 R2 Part 2.2        wall=110.82 s prefill= 28.556 s determined=0 corroborated=0 rejected=0
  CIP-014-3 R2 Part 2.3        wall= 38.51 s prefill= 27.744 s determined=0 corroborated=0 rejected=0
  CIP-014-3 R2 Part 2.4        wall= 52.16 s prefill= 29.013 s determined=1 corroborated=2 rejected=0
  CIP-014-3 R4                 wall= 69.98 s prefill= 32.367 s determined=0 corroborated=0 rejected=4
  CIP-014-3 R4 Part 4.1        wall= 50.92 s prefill= 26.983 s determined=1 corroborated=0 rejected=0
  CIP-014-3 R4 Part 4.2        wall= 33.44 s prefill= 25.691 s determined=0 corroborated=0 rejected=0
  CIP-014-3 R4 Part 4.3        wall= 57.24 s prefill= 27.218 s determined=0 corroborated=0 rejected=1
  CIP-014-3 R5                 wall= 59.64 s prefill= 32.466 s determined=0 corroborated=0 rejected=5
  CIP-014-3 R5 Part 5.1        wall= 55.11 s prefill= 27.631 s determined=2 corroborated=3 rejected=0
  CIP-014-3 R5 Part 5.2        wall=  28.8 s prefill= 19.641 s determined=0 corroborated=0 rejected=0
  CIP-014-3 R5 Part 5.3        wall= 52.99 s prefill= 26.832 s determined=0 corroborated=5 rejected=0
  CIP-014-3 R5 Part 5.4        wall= 38.53 s prefill= 26.372 s determined=1 corroborated=0 rejected=0
  CIP-014-3 R6 Part 6.1        wall= 67.29 s prefill= 27.663 s determined=0 corroborated=0 rejected=8
  CIP-014-3 R6 Part 6.2        wall= 62.81 s prefill= 27.696 s determined=0 corroborated=0 rejected=4
  CIP-014-3 R6 Part 6.3        wall= 79.64 s prefill= 29.197 s determined=3 corroborated=6 rejected=3
  CIP-014-3 R6 Part 6.4        wall= 48.08 s prefill= 28.178 s determined=1 corroborated=1 rejected=0
  19 requirements, 1078.01 s, determined 10, corroborated 18, cache collapse x1.0

family so far: 255 requirements, 11710 s total, 45.9 s/requirement
